Open On-Chip Debugger v0.12.0-esp32-20230921 (2023-09-21-13:41)
Licensed under GNU GPL v2
For bug reports, read
	http://openocd.org/doc/doxygen/bugs.html
WARNING: boards/esp32-solo-1.cfg is deprecated, and may be removed in a future release.
Info : auto-selecting first available session transport "jtag". To override use 'transport select <transport>'.
adapter speed: 1000 kHz
** program_esp input args <0x10000 verify reset exit> **
Info : clock speed 1000 kHz
Info : JTAG tap: esp32.cpu0 tap/device found: 0x120034e5 (mfg: 0x272 (Tensilica), part: 0x2003, ver: 0x1)
Info : JTAG tap: auto0.tap tap/device found: 0x120034e5 (mfg: 0x272 (Tensilica), part: 0x2003, ver: 0x1)
Warn : AUTO auto0.tap - use "jtag newtap auto0 tap -irlen 5 -expected-id 0x120034e5"
Info : starting gdb server for esp32.cpu0 on 3333
Info : Listening on port 3333 for gdb connections
Info : JTAG tap: esp32.cpu0 tap/device found: 0x120034e5 (mfg: 0x272 (Tensilica), part: 0x2003, ver: 0x1)
Info : JTAG tap: auto0.tap tap/device found: 0x120034e5 (mfg: 0x272 (Tensilica), part: 0x2003, ver: 0x1)
Info : [esp32.cpu0] requesting target halt and executing a soft reset
Info : [esp32.cpu0] Debug controller was reset.
Info : [esp32.cpu0] Core was reset.
Info : [esp32.cpu0] Target halted, PC=0x40141AF6, debug_reason=00000000
Info : [esp32.cpu0] Reset cause (1) - (Power on reset)
Info : [esp32.cpu0] Debug controller was reset.
Info : [esp32.cpu0] Core was reset.
Info : [esp32.cpu0] Target halted, PC=0x500000CF, debug_reason=00000000
Info : [esp32.cpu0] Reset cause (3) - (Software core reset)
Info : [esp32.cpu0] Core was reset.
Info : [esp32.cpu0] Target halted, PC=0x40000400, debug_reason=00000000
Info : [esp32.cpu0] Reset cause (3) - (Software core reset)
Info : [esp32.cpu0] Target halted, PC=0x400BE636, debug_reason=00000001
Info : Flash mapping 0: 0x10020 -> 0x3f400020, 94 KB
Info : Flash mapping 1: 0x30020 -> 0x400d0020, 482 KB
Info : [esp32.cpu0] Target halted, PC=0x400BE636, debug_reason=00000001
Info : Auto-detected flash bank 'esp32.cpu0.flash' size 2048 KB
Info : Using flash bank 'esp32.cpu0.flash' size 2048 KB
** Programming Started **
Info : [esp32.cpu0] Target halted, PC=0x400BE636, debug_reason=00000001
Info : [esp32.cpu0] Target halted, PC=0x400BE636, debug_reason=00000001
Info : PROF: Erased 716800 bytes in 6128.33 ms
Info : PROF: Data transferred in 14486.9 ms @ 48.3197 KB/s
Info : [esp32.cpu0] Target halted, PC=0x400BE636, debug_reason=00000001
Info : PROF: Wrote 716800 bytes in 15098.1 ms (data transfer time included)
** Programming Finished in 22820 ms **
** Verify Started **
Info : [esp32.cpu0] Target halted, PC=0x400BE636, debug_reason=00000001
Info : PROF: Flash verified in 690.141 ms 
** Verify OK **
** Resetting Target **
Info : JTAG tap: esp32.cpu0 tap/device found: 0x120034e5 (mfg: 0x272 (Tensilica), part: 0x2003, ver: 0x1)
Info : JTAG tap: auto0.tap tap/device found: 0x120034e5 (mfg: 0x272 (Tensilica), part: 0x2003, ver: 0x1)
Info : [esp32.cpu0] requesting target halt and executing a soft reset
Info : [esp32.cpu0] Debug controller was reset.
Info : [esp32.cpu0] Core was reset.
Info : [esp32.cpu0] Target halted, PC=0x500000CF, debug_reason=00000000
Info : [esp32.cpu0] Reset cause (3) - (Software core reset)
Info : [esp32.cpu0] Core was reset.
Info : [esp32.cpu0] Target halted, PC=0x4007876A, debug_reason=00000000
Info : [esp32.cpu0] Reset cause (3) - (Software core reset)
shutdown command invoked
