Open On-Chip Debugger v0.12.0-esp32-20230921 (2023-09-21-13:41)
Licensed under GNU GPL v2
For bug reports, read
	http://openocd.org/doc/doxygen/bugs.html
WARNING: boards/esp32-solo-1.cfg is deprecated, and may be removed in a future release.
Info : auto-selecting first available session transport "jtag". To override use 'transport select <transport>'.
adapter speed: 1000 kHz
** program_esp input args <0x10000 verify reset exit> **
Info : clock speed 1000 kHz
Error: JTAG scan chain interrogation failed: all ones
Error: Check JTAG interface, timings, target power, etc.
Error: Trying to use configured scan chain anyway...
Error: esp32.cpu0: IR capture error; saw 0x1f not 0x01
Warn : Bypassing JTAG setup events due to errors
Warn : [esp32.cpu0] Unexpected OCD_ID = ffffffff
Warn : target esp32.cpu0 examination failed
Info : starting gdb server for esp32.cpu0 on 3333
Info : Listening on port 3333 for gdb connections
Error: JTAG scan chain interrogation failed: all ones
Error: Check JTAG interface, timings, target power, etc.
Error: Trying to use configured scan chain anyway...
Error: esp32.cpu0: IR capture error; saw 0x1f not 0x01
Warn : Bypassing JTAG setup events due to errors
Warn : [esp32.cpu0] Unexpected OCD_ID = ffffffff
Info : [esp32.cpu0] requesting target halt and executing a soft reset
Error: Target not examined yet
Warn : [esp32.cpu0] Unexpected OCD_ID = ffffffff
** Unable to reset target **
shutdown command invoked

